// Jest Snapshot v1, https://goo.gl/fbAQLP

exports[`useTimer Jest Snapshot testing suite Matches DOM Snapshot 1`] = `<useStopwatch />`;
